Script started on 2019-11-07 15:12:51-05:00 [TERM="xterm-256color" TTY="/dev/pts/0" COLUMNS="73" LINES="43"]
]0;agastya@middlinux:~/Desktop/CS315/assignment4[agastya@middlinux assignment4]$ gdb self0[K0[K-linker
[35;1mGNU gdb (GDB) 8.3.1
[mCopyright (C) 2019 Free Software Foundation, Inc.
License GPLv3+: GNU GPL version 3 or later <http://gnu.org/licenses/gpl.html>
This is free software: you are free to change and redistribute it.
There is NO WARRANTY, to the extent permitted by law.
Type "show copying" and "show warranty" for details.
This GDB was configured as "x86_64-pc-linux-gnu".
Type "show configuration" for configuration details.
For bug reporting instructions, please see:
<http://www.gnu.org/software/gdb/bugs/>.
Find the GDB manual and other documentation resources online at:
    <http://www.gnu.org/software/gdb/documentation/>.

For help, type "help".
Type "apropos word" to search for commands related to "word"...
Reading symbols from [32mself-linker[m...
(gdb) s[Kb 39
Breakpoint 1 at [34m0x1253[m: file [32mself-linker.c[m, line 39.
(gdb) s[Krun
Starting program: /home/agastya/Desktop/CS315/assignment4/self-linker

Breakpoint 1, [33mmain[m ([36margc[m=1, [36margv[m=0x7fffffffe8d8) at [32mself-linker.c[m:39
39	  puts ("hello");
(gdb) step[K[K[K[Kdisas
Dump of assembler code for function main:
   [34m0x00005555555551a9[m <+0>:	push   %rbp
   [34m0x00005555555551aa[m <+1>:	mov    %rsp,%rbp
   [34m0x00005555555551ad[m <+4>:	sub    $0x30,%rsp
   [34m0x00005555555551b1[m <+8>:	mov    %edi,-0x24(%rbp)
   [34m0x00005555555551b4[m <+11>:	mov    %rsi,-0x30(%rbp)
   [34m0x00005555555551b8[m <+15>:	mov    $0x1,%esi
   [34m0x00005555555551bd[m <+20>:	lea    0xe40(%rip),%rdi        # 0x555555556004
   [34m0x00005555555551c4[m <+27>:	callq  0x555555555050 <dlopen@plt>
   [34m0x00005555555551c9[m <+32>:	mov    %rax,-0x18(%rbp)
   [34m0x00005555555551cd[m <+36>:	cmpq   $0x0,-0x18(%rbp)
   [34m0x00005555555551d2[m <+41>:	jne    0x555555555201 <main+88>
   [34m0x00005555555551d4[m <+43>:	callq  0x5555555550a0 <dlerror@plt>
   [34m0x00005555555551d9[m <+48>:	mov    %rax,%rdx
   [34m0x00005555555551dc[m <+51>:	mov    0x2e9d(%rip),%rax        # 0x555555558080 <stderr@@GLIBC_2.2.5>
   [34m0x00005555555551e3[m <+58>:	lea    0xe24(%rip),%rsi        # 0x55555555600e
   [34m0x00005555555551ea[m <+65>:	mov    %rax,%rdi
   [34m0x00005555555551ed[m <+68>:	mov    $0x0,%eax
   [34m0x00005555555551f2[m <+73>:	callq  0x555555555040 <fprintf@plt>
   [34m0x00005555555551f7[m <+78>:	mov    $0x1,%edi
   [34m0x00005555555551fc[m <+83>:	callq  0x555555555080 <exit@plt>
   [34m0x0000555555555201[m <+88>:	mov    -0x18(%rbp),%rax
   [34m0x0000555555555205[m <+92>:	lea    0xe06(%rip),%rsi        # 0x555555556012
   [34m0x000055555555520c[m <+99>:	mov    %rax,%rdi
   [34m0x000055555555520f[m <+102>:	callq  0x555555555090 <dlsym@plt>
   [34m0x0000555555555214[m <+107>:	mov    %rax,-0x10(%rbp)
   [34m0x0000555555555218[m <+111>:	lea    0x2de1(%rip),%rax        # 0x555555558000
   [34m0x000055555555521f[m <+118>:	mov    %rax,-0x8(%rbp)
   [34m0x0000555555555223[m <+122>:	mov    -0x8(%rbp),%rax
   [34m0x0000555555555227[m <+126>:	lea    0x18(%rax),%rdx
   [34m0x000055555555522b[m <+130>:	mov    -0x10(%rbp),%rax
   [34m0x000055555555522f[m <+134>:	mov    %rax,(%rdx)
   [34m0x0000555555555232[m <+137>:	mov    -0x18(%rbp),%rax
   [34m0x0000555555555236[m <+141>:	mov    %rax,%rdi
   [34m0x0000555555555239[m <+144>:	callq  0x555555555060 <dlclose@plt>
   [34m0x000055555555523e[m <+149>:	mov    %eax,-0x1c(%rbp)
   [34m0x0000555555555241[m <+152>:	cmpl   $0x0,-0x1c(%rbp)
[m--Type <RET> for more, q to quit, c to continue without paging--
   [34m0x0000555555555245[m <+156>:	je     0x555555555253 <main+170>
   [34m0x0000555555555247[m <+158>:	lea    0xdc9(%rip),%rdi        # 0x555555556017
   [34m0x000055555555524e[m <+165>:	callq  0x555555555070 <perror@plt>
=> [34m0x0000555555555253[m <+170>:	lea    0xdc3(%rip),%rdi        # 0x55555555601d
   [34m0x000055555555525a[m <+177>:	callq  0x555555555030 <puts@plt>
   [34m0x000055555555525f[m <+182>:	lea    0xdbd(%rip),%rdi        # 0x555555556023
   [34m0x0000555555555266[m <+189>:	callq  0x555555555030 <puts@plt>
   [34m0x000055555555526b[m <+194>:	mov    $0x0,%eax
   [34m0x0000555555555270[m <+199>:	leaveq
   [34m0x0000555555555271[m <+200>:	retq
End of assembler dump.
(gdb) si
[34m0x000055555555525a[m	39	  puts ("hello");
(gdb)
[34m0x0000555555555030[m in [33mputs@plt[m ()
(gdb) disas
Dump of assembler code for function puts@plt:
=> [34m0x0000555555555030[m <+0>:	jmpq   *0x2fe2(%rip)        # 0x555555558018 <puts@got.plt>
   [34m0x0000555555555036[m <+6>:	pushq  $0x0
   [34m0x000055555555503b[m <+11>:	jmpq   0x555555555020
End of assembler dump.
(gdb) si //JUMPS DIRECTLY WITHOUT USING LINKERS JUMP SO OUR DYNAMIC LINKING MUST'VE WORKED
[34m0x00007ffff7e64080[m in [33mputs[m () from /usr/lib/libc.so.6
(gdb) q
A debugging session is active.

	Inferior 1 [process 67054] will be killed.

Quit anyway? (y or n) y
]0;agastya@middlinux:~/Desktop/CS315/assignment4[agastya@middlinux assignment4]$ c[Kexit
exit

Script done on 2019-11-07 15:14:13-05:00 [COMMAND_EXIT_CODE="0"]
